
Method: gaussian_fm
  [gaussian_fm seed=8925] radial_w1=9.0529 ks=0.3233 sliced_w1=1.4662
  [gaussian_fm seed=77395] radial_w1=10.0008 ks=0.3587 sliced_w1=1.4136
  [gaussian_fm seed=65457] radial_w1=9.1928 ks=0.3300 sliced_w1=1.4300

Method: source_only_oracle
  [source_only_oracle seed=8925] radial_w1=0.9747 ks=0.0325 sliced_w1=0.6981
  [source_only_oracle seed=77395] radial_w1=1.3618 ks=0.0368 sliced_w1=0.7112
  [source_only_oracle seed=65457] radial_w1=0.8959 ks=0.0355 sliced_w1=0.9643

Method: source_only_empirical
  [source_only_empirical seed=8925] radial_w1=1.0162 ks=0.0376 sliced_w1=0.6696
  [source_only_empirical seed=77395] radial_w1=0.9204 ks=0.0328 sliced_w1=0.7507
  [source_only_empirical seed=65457] radial_w1=0.9264 ks=0.0366 sliced_w1=0.8884

Method: rafm_oracle
  [rafm_oracle seed=8925] radial_w1=0.2849 ks=0.0117 sliced_w1=0.3677
  [rafm_oracle seed=77395] radial_w1=0.5286 ks=0.0078 sliced_w1=0.5467
  [rafm_oracle seed=65457] radial_w1=0.2979 ks=0.0131 sliced_w1=0.3725

Method: rafm_empirical
  [rafm_empirical seed=8925] radial_w1=0.4173 ks=0.0149 sliced_w1=0.3639
  [rafm_empirical seed=77395] radial_w1=0.2843 ks=0.0117 sliced_w1=0.5729
  [rafm_empirical seed=65457] radial_w1=0.3553 ks=0.0103 sliced_w1=0.3834
D32 DONE exit=0
