  gaussian_fm              65457   dir_sw1=0.0157 dir_mmd=0.00242 ang_err=29.75deg cr_sw1=0.4127
  gaussian_fm              77395   dir_sw1=0.0268 dir_mmd=0.00597 ang_err=29.40deg cr_sw1=0.6805
  gaussian_fm              8925    dir_sw1=0.0163 dir_mmd=0.00110 ang_err=29.24deg cr_sw1=0.4323
  msgm                     65457   dir_sw1=0.0182 dir_mmd=0.00386 ang_err=37.76deg cr_sw1=0.4971
  msgm                     77395   dir_sw1=0.0161 dir_mmd=0.00381 ang_err=35.68deg cr_sw1=0.4461
  msgm                     8925    dir_sw1=0.0162 dir_mmd=0.00316 ang_err=36.18deg cr_sw1=0.4458
  rafm_empirical           65457   dir_sw1=0.0103 dir_mmd=0.00139 ang_err=29.71deg cr_sw1=0.2944
  rafm_empirical           77395   dir_sw1=0.0094 dir_mmd=0.00108 ang_err=29.38deg cr_sw1=0.2621
  rafm_empirical           8925    dir_sw1=0.0118 dir_mmd=0.00126 ang_err=29.88deg cr_sw1=0.3308
  rafm_empirical_no_proj   65457   dir_sw1=0.0105 dir_mmd=0.00173 ang_err=29.51deg cr_sw1=0.3013
  rafm_empirical_no_proj   77395   dir_sw1=0.0094 dir_mmd=0.00069 ang_err=29.39deg cr_sw1=0.2726
  rafm_empirical_no_proj   8925    dir_sw1=0.0107 dir_mmd=0.00188 ang_err=30.05deg cr_sw1=0.3101
  rafm_oracle              65457   dir_sw1=0.0101 dir_mmd=0.00132 ang_err=29.75deg cr_sw1=0.2909
  rafm_oracle              77395   dir_sw1=0.0094 dir_mmd=0.00109 ang_err=29.43deg cr_sw1=0.2608
  rafm_oracle              8925    dir_sw1=0.0118 dir_mmd=0.00131 ang_err=29.95deg cr_sw1=0.3321
  source_only_empirical    65457   dir_sw1=0.0146 dir_mmd=0.00153 ang_err=29.28deg cr_sw1=0.3992
  source_only_empirical    77395   dir_sw1=0.0164 dir_mmd=0.00300 ang_err=28.96deg cr_sw1=0.4185
  source_only_empirical    8925    dir_sw1=0.0123 dir_mmd=0.00124 ang_err=29.35deg cr_sw1=0.3431
  source_only_oracle       65457   dir_sw1=0.0145 dir_mmd=0.00145 ang_err=29.32deg cr_sw1=0.3968
  source_only_oracle       77395   dir_sw1=0.0164 dir_mmd=0.00302 ang_err=29.01deg cr_sw1=0.4192
  source_only_oracle       8925    dir_sw1=0.0124 dir_mmd=0.00123 ang_err=29.43deg cr_sw1=0.3439

Wrote 21 rows -> rebuttal_experiments\raw_results\E3_angular\EXISTING_student_t_d16.csv
